// Jest Snapshot v1, https://goo.gl/fbAQLP

exports[`Test application render It renders successfully 1`] = `
<div
  className="sc-AxjAm lmcqpK"
>
  <div
    className="sc-AxirZ gdmeFB"
  >
    <h2
      className="sc-fzozJi fFOdLC"
    >
      React Hangman
    </h2>
    <div
      className="Hangman"
    >
      <canvas />
    </div>
    <div
      className="sc-fzoLsD ePouvF"
    >
      <p>
        <b>
          Hint:
        </b>
         
        Test solution
      </p>
      <h3>
        Your word is:
      </h3>
      <div
        className="sc-fznyAO czrHZK"
      >
        <div
          className="sc-fzpans dhSJQw"
        >
          <div
            className="sc-fzplWN fgYnJs"
          >
             
          </div>
          <div
            className="sc-fzplWN fgYnJs"
          >
             
          </div>
          <div
            className="sc-fzplWN fgYnJs"
          >
             
          </div>
          <div
            className="sc-fzplWN fgYnJs"
          >
             
          </div>
        </div>
      </div>
    </div>
    <p
      className="sc-AxhUy dXAPUO"
      color="green"
    >
      You have 
      <span>
        6
      </span>
       incorrect tries to get it right.
    </p>
    <p
      className="sc-Axmtr dptzrY"
    >
      Use your keyboard or click on a letter to get started
    </p>
    <button
      className="sc-AxgMl uTiPt"
      data-value="a"
      onClick={[Function]}
    >
      a
    </button>
    <button
      className="sc-AxgMl uTiPt"
      data-value="b"
      onClick={[Function]}
    >
      b
    </button>
    <button
      className="sc-AxgMl uTiPt"
      data-value="c"
      onClick={[Function]}
    >
      c
    </button>
    <button
      className="sc-AxgMl uTiPt"
      data-value="d"
      onClick={[Function]}
    >
      d
    </button>
    <button
      className="sc-AxgMl uTiPt"
      data-value="e"
      onClick={[Function]}
    >
      e
    </button>
    <button
      className="sc-AxgMl uTiPt"
      data-value="f"
      onClick={[Function]}
    >
      f
    </button>
    <button
      className="sc-AxgMl uTiPt"
      data-value="g"
      onClick={[Function]}
    >
      g
    </button>
    <button
      className="sc-AxgMl uTiPt"
      data-value="h"
      onClick={[Function]}
    >
      h
    </button>
    <button
      className="sc-AxgMl uTiPt"
      data-value="i"
      onClick={[Function]}
    >
      i
    </button>
    <button
      className="sc-AxgMl uTiPt"
      data-value="j"
      onClick={[Function]}
    >
      j
    </button>
    <button
      className="sc-AxgMl uTiPt"
      data-value="k"
      onClick={[Function]}
    >
      k
    </button>
    <button
      className="sc-AxgMl uTiPt"
      data-value="l"
      onClick={[Function]}
    >
      l
    </button>
    <button
      className="sc-AxgMl uTiPt"
      data-value="m"
      onClick={[Function]}
    >
      m
    </button>
    <button
      className="sc-AxgMl uTiPt"
      data-value="n"
      onClick={[Function]}
    >
      n
    </button>
    <button
      className="sc-AxgMl uTiPt"
      data-value="o"
      onClick={[Function]}
    >
      o
    </button>
    <button
      className="sc-AxgMl uTiPt"
      data-value="p"
      onClick={[Function]}
    >
      p
    </button>
    <button
      className="sc-AxgMl uTiPt"
      data-value="q"
      onClick={[Function]}
    >
      q
    </button>
    <button
      className="sc-AxgMl uTiPt"
      data-value="r"
      onClick={[Function]}
    >
      r
    </button>
    <button
      className="sc-AxgMl uTiPt"
      data-value="s"
      onClick={[Function]}
    >
      s
    </button>
    <button
      className="sc-AxgMl uTiPt"
      data-value="t"
      onClick={[Function]}
    >
      t
    </button>
    <button
      className="sc-AxgMl uTiPt"
      data-value="u"
      onClick={[Function]}
    >
      u
    </button>
    <button
      className="sc-AxgMl uTiPt"
      data-value="v"
      onClick={[Function]}
    >
      v
    </button>
    <button
      className="sc-AxgMl uTiPt"
      data-value="w"
      onClick={[Function]}
    >
      w
    </button>
    <button
      className="sc-AxgMl uTiPt"
      data-value="x"
      onClick={[Function]}
    >
      x
    </button>
    <button
      className="sc-AxgMl uTiPt"
      data-value="y"
      onClick={[Function]}
    >
      y
    </button>
    <button
      className="sc-AxgMl uTiPt"
      data-value="z"
      onClick={[Function]}
    >
      z
    </button>
    <div
      className="sc-AxhCb ffJKdZ"
    >
      <div
        className="sc-fznZeY dKVuEX"
      >
        <button
          className="sc-fznKkj diVXuF new"
          onClick={[Function]}
        >
          New puzzle
        </button>
      </div>
      <p
        className="sc-AxiKw jzDFxW"
      >
        <span>
          Developer:
        </span>
         Kevin Hippert
      </p>
    </div>
  </div>
</div>
`;
